[2026-08-18 14:24:35] [INFO] ➡️  请求: POST http://127.0.0.1:5000/api/auth/login
[2026-08-18 14:24:35] [INFO]    参数: {'json': {'username': 'testuser', 'password': 'Test@123'}}
[2026-08-18 14:24:35] [INFO] ⬅️  状态码: 200 | 耗时: 0.068606s
[2026-08-18 14:24:35] [INFO]    响应体: {'code': 0, 'data': {'token': 'mock-jwt-207a57c4b9724468', 'user_id': 10086, 'username': 'testuser'}, 'message': 'success'}
[2026-08-18 14:24:35] [INFO] ➡️  请求: POST http://127.0.0.1:5000/api/auth/login
[2026-08-18 14:24:35] [INFO]    参数: {'json': {'username': 'testuser', 'password': 'wrong_pwd'}}
[2026-08-18 14:24:35] [INFO] ⬅️  状态码: 401 | 耗时: 0.034702s
[2026-08-18 14:24:35] [INFO]    响应体: {'code': 401, 'data': None, 'message': '用户名或密码错误'}
[2026-08-18 14:24:35] [INFO] ➡️  请求: POST http://127.0.0.1:5000/api/auth/login
[2026-08-18 14:24:35] [INFO]    参数: {'json': {'password': 'Test@123'}}
[2026-08-18 14:24:35] [INFO] ⬅️  状态码: 400 | 耗时: 0.013959s
[2026-08-18 14:24:35] [INFO]    响应体: {'code': 400, 'data': None, 'message': '缺少用户名参数'}
[2026-08-18 14:24:36] [INFO] ➡️  请求: POST http://127.0.0.1:5000/api/auth/login
[2026-08-18 14:24:36] [INFO]    参数: {'json': {'username': 'testuser', 'password': 'Test@123'}}
[2026-08-18 14:24:36] [INFO] ⬅️  状态码: 200 | 耗时: 0.043517s
[2026-08-18 14:24:36] [INFO]    响应体: {'code': 0, 'data': {'token': 'mock-jwt-24f0861d9edb4e36', 'user_id': 10086, 'username': 'testuser'}, 'message': 'success'}
[2026-08-18 14:24:36] [INFO] ➡️  请求: POST http://127.0.0.1:5000/api/orders
[2026-08-18 14:24:36] [INFO]    参数: {'json': {'product_id': 'SKU_001', 'quantity': 1, 'address': '测试地址'}}
[2026-08-18 14:24:36] [INFO] ⬅️  状态码: 201 | 耗时: 0.046335s
[2026-08-18 14:24:36] [INFO]    响应体: {'code': 0, 'data': {'order_id': 'ORD1787034276FBC8'}, 'message': 'success'}
[2026-08-18 14:24:36] [INFO] ➡️  请求: GET http://127.0.0.1:5000/api/orders/ORD1787034276FBC8
[2026-08-18 14:24:36] [INFO]    参数: {}
[2026-08-18 14:24:36] [INFO] ⬅️  状态码: 200 | 耗时: 0.04381s
[2026-08-18 14:24:36] [INFO]    响应体: {'code': 0, 'data': {'address': '测试地址', 'created_at': 'Tue, 18 Aug 2026 14:24:36 GMT', 'id': 1, 'order_id': 'ORD1787034276FBC8', 'product_id': 'SKU_001', 'quantity': 1, 'status': 'pending', 'user_id': 10086}, 'message': 'success'}
[2026-08-18 14:24:36] [INFO] 🔍 SQL: SELECT status FROM orders WHERE order_id = %s | 参数: ('ORD1787034276FBC8',)
[2026-08-18 14:24:36] [INFO]    返回 1 条记录
[2026-08-18 14:24:36] [INFO] ➡️  请求: PUT http://127.0.0.1:5000/api/orders/ORD1787034276FBC8/cancel
[2026-08-18 14:24:36] [INFO]    参数: {}
[2026-08-18 14:24:36] [INFO] ⬅️  状态码: 200 | 耗时: 0.063622s
[2026-08-18 14:24:36] [INFO]    响应体: {'code': 0, 'data': {'order_id': 'ORD1787034276FBC8', 'status': 'cancelled'}, 'message': 'success'}
[2026-08-18 14:24:36] [INFO] 🔍 SQL: SELECT status FROM orders WHERE order_id = %s | 参数: ('ORD1787034276FBC8',)
[2026-08-18 14:24:36] [INFO]    返回 1 条记录
[2026-08-18 14:24:36] [INFO] ➡️  请求: DELETE http://127.0.0.1:5000/api/orders/ORD1787034276FBC8
[2026-08-18 14:24:36] [INFO]    参数: {}
[2026-08-18 14:24:36] [INFO] ⬅️  状态码: 405 | 耗时: 0.023977s
[2026-08-18 14:24:36] [INFO]    响应体(非JSON): <!doctype html>
<html lang=en>
<title>405 Method Not Allowed</title>
<h1>Method Not Allowed</h1>
<p>The method is not allowed for the requested URL.</p>

[2026-08-18 14:24:36] [INFO] ➡️  请求: POST http://127.0.0.1:5000/api/orders
[2026-08-18 14:24:36] [INFO]    参数: {'json': {'product_id': 'SKU_DB_TEST', 'quantity': 3, 'address': '数据库校验测试地址'}}
[2026-08-18 14:24:36] [INFO] ⬅️  状态码: 201 | 耗时: 0.046637s
[2026-08-18 14:24:36] [INFO]    响应体: {'code': 0, 'data': {'order_id': 'ORD1787034276221F'}, 'message': 'success'}
[2026-08-18 14:24:36] [INFO] 🔍 SQL: SELECT COUNT(*) AS cnt FROM orders WHERE order_id = %s | 参数: ('ORD1787034276221F',)
[2026-08-18 14:24:36] [INFO]    返回 1 条记录
[2026-08-18 14:24:36] [INFO] 🔍 SQL: SELECT product_id FROM orders WHERE order_id = %s | 参数: ('ORD1787034276221F',)
[2026-08-18 14:24:36] [INFO]    返回 1 条记录
[2026-08-18 14:24:36] [INFO] 🔍 SQL: SELECT quantity FROM orders WHERE order_id = %s | 参数: ('ORD1787034276221F',)
[2026-08-18 14:24:36] [INFO]    返回 1 条记录
[2026-08-18 14:24:36] [INFO] 🔍 SQL: SELECT status FROM orders WHERE order_id = %s | 参数: ('ORD1787034276221F',)
[2026-08-18 14:24:36] [INFO]    返回 1 条记录
[2026-08-18 14:24:36] [INFO] ➡️  请求: DELETE http://127.0.0.1:5000/api/orders/ORD1787034276221F
[2026-08-18 14:24:36] [INFO]    参数: {}
[2026-08-18 14:24:36] [INFO] ⬅️  状态码: 405 | 耗时: 0.023184s
[2026-08-18 14:24:36] [INFO]    响应体(非JSON): <!doctype html>
<html lang=en>
<title>405 Method Not Allowed</title>
<h1>Method Not Allowed</h1>
<p>The method is not allowed for the requested URL.</p>

[2026-08-18 14:24:36] [INFO] ➡️  请求: POST http://127.0.0.1:5000/api/orders
[2026-08-18 14:24:36] [INFO]    参数: {'json': {'product_id': 'SKU_001', 'quantity': 1, 'address': '测试地址'}}
[2026-08-18 14:24:36] [INFO] ⬅️  状态码: 201 | 耗时: 0.066615s
[2026-08-18 14:24:36] [INFO]    响应体: {'code': 0, 'data': {'order_id': 'ORD178703427683A3'}, 'message': 'success'}
[2026-08-18 14:24:36] [INFO] ➡️  请求: PUT http://127.0.0.1:5000/api/orders/ORD178703427683A3/cancel
[2026-08-18 14:24:36] [INFO]    参数: {}
[2026-08-18 14:24:36] [INFO] ⬅️  状态码: 200 | 耗时: 0.052667s
[2026-08-18 14:24:36] [INFO]    响应体: {'code': 0, 'data': {'order_id': 'ORD178703427683A3', 'status': 'cancelled'}, 'message': 'success'}
[2026-08-18 14:24:36] [INFO] 🔍 SQL: SELECT status FROM orders WHERE order_id = %s | 参数: ('ORD178703427683A3',)
[2026-08-18 14:24:36] [INFO]    返回 1 条记录
[2026-08-18 14:24:36] [INFO] ➡️  请求: GET http://127.0.0.1:5000/api/orders/ORD178703427683A3
[2026-08-18 14:24:36] [INFO]    参数: {}
[2026-08-18 14:24:36] [INFO] ⬅️  状态码: 200 | 耗时: 0.024348s
[2026-08-18 14:24:36] [INFO]    响应体: {'code': 0, 'data': {'address': '测试地址', 'created_at': 'Tue, 18 Aug 2026 14:24:36 GMT', 'id': 3, 'order_id': 'ORD178703427683A3', 'product_id': 'SKU_001', 'quantity': 1, 'status': 'cancelled', 'user_id': 10086}, 'message': 'success'}
[2026-08-18 14:24:37] [INFO] ➡️  请求: PUT http://127.0.0.1:5000/api/orders/ORD178703427683A3/cancel
[2026-08-18 14:24:37] [INFO]    参数: {}
[2026-08-18 14:24:37] [INFO] ⬅️  状态码: 404 | 耗时: 0.034526s
[2026-08-18 14:24:37] [INFO]    响应体: {'code': 404, 'data': None, 'message': '订单不存在'}
[2026-08-18 14:24:37] [INFO] ➡️  请求: DELETE http://127.0.0.1:5000/api/orders/ORD178703427683A3
[2026-08-18 14:24:37] [INFO]    参数: {}
[2026-08-18 14:24:37] [INFO] ⬅️  状态码: 405 | 耗时: 0.017521s
[2026-08-18 14:24:37] [INFO]    响应体(非JSON): <!doctype html>
<html lang=en>
<title>405 Method Not Allowed</title>
<h1>Method Not Allowed</h1>
<p>The method is not allowed for the requested URL.</p>

[2026-08-18 14:24:37] [INFO] ➡️  请求: GET http://127.0.0.1:5000/api/users/10086/profile
[2026-08-18 14:24:37] [INFO]    参数: {}
[2026-08-18 14:24:37] [INFO] ⬅️  状态码: 200 | 耗时: 0.023686s
[2026-08-18 14:24:37] [INFO]    响应体: {'code': 0, 'data': {'avatar': None, 'user_id': 10086, 'username': 'testuser'}, 'message': 'success'}
[2026-08-18 14:24:37] [INFO] ➡️  请求: POST http://127.0.0.1:5000/api/files/upload-token
[2026-08-18 14:24:37] [INFO]    参数: {'json': {'file_name': 'test.png', 'file_type': 'image/png'}}
[2026-08-18 14:24:37] [INFO] ⬅️  状态码: 200 | 耗时: 0.064506s
[2026-08-18 14:24:37] [INFO]    响应体: {'code': 0, 'data': {'file_key': 'fk-d4a3089c8008'}, 'message': 'success'}
[2026-08-18 14:24:37] [INFO] ➡️  请求: PUT http://127.0.0.1:5000/api/users/me/avatar
[2026-08-18 14:24:37] [INFO]    参数: {'json': {'file_key': 'fk-d4a3089c8008'}}
[2026-08-18 14:24:37] [INFO] ⬅️  状态码: 200 | 耗时: 0.050778s
[2026-08-18 14:24:37] [INFO]    响应体: {'code': 0, 'data': {'avatar': 'fk-d4a3089c8008'}, 'message': 'success'}
[2026-08-18 14:24:37] [INFO] ➡️  请求: POST http://127.0.0.1:5000/api/projects
[2026-08-18 14:24:37] [INFO]    参数: {'json': {'name': '自动化测试项目'}}
[2026-08-18 14:24:37] [INFO] ⬅️  状态码: 201 | 耗时: 0.060299s
[2026-08-18 14:24:37] [INFO]    响应体: {'code': 0, 'data': {'id': 'PRJ87AFAF83'}, 'message': 'success'}
[2026-08-18 14:24:37] [INFO] ➡️  请求: POST http://127.0.0.1:5000/api/projects/PRJ87AFAF83/tasks
[2026-08-18 14:24:37] [INFO]    参数: {'json': {'title': '测试任务', 'priority': 'high'}}
[2026-08-18 14:24:37] [INFO] ⬅️  状态码: 201 | 耗时: 0.049213s
[2026-08-18 14:24:37] [INFO]    响应体: {'code': 0, 'data': {'id': 'TSK9A63E775'}, 'message': 'success'}
[2026-08-18 14:24:37] [INFO] 🔍 SQL: SELECT COUNT(*) AS cnt FROM tasks WHERE id = %s AND project_id = %s | 参数: ('TSK9A63E775', 'PRJ87AFAF83')
[2026-08-18 14:24:37] [INFO]    返回 1 条记录
[2026-08-18 14:24:37] [INFO] 🔍 SQL: SELECT priority FROM tasks WHERE id = %s | 参数: ('TSK9A63E775',)
[2026-08-18 14:24:37] [INFO]    返回 1 条记录
[2026-08-18 14:24:37] [INFO] 🔍 SQL: SELECT status FROM tasks WHERE id = %s | 参数: ('TSK9A63E775',)
[2026-08-18 14:24:37] [INFO]    返回 1 条记录
[2026-08-18 14:24:37] [INFO] ➡️  请求: PUT http://127.0.0.1:5000/api/projects/PRJ87AFAF83/tasks/TSK9A63E775
[2026-08-18 14:24:37] [INFO]    参数: {'json': {'status': 'done'}}
[2026-08-18 14:24:37] [INFO] ⬅️  状态码: 200 | 耗时: 0.028412s
[2026-08-18 14:24:37] [INFO]    响应体: {'code': 0, 'data': {'created_at': 'Tue, 18 Aug 2026 14:24:37 GMT', 'id': 'TSK9A63E775', 'priority': 'high', 'project_id': 'PRJ87AFAF83', 'status': 'done', 'title': '测试任务'}, 'message': 'success'}
[2026-08-18 14:24:37] [INFO] 🔍 SQL: SELECT status FROM tasks WHERE id = %s | 参数: ('TSK9A63E775',)
[2026-08-18 14:24:37] [INFO]    返回 1 条记录
[2026-08-18 14:24:37] [INFO] ➡️  请求: GET http://127.0.0.1:5000/api/projects/PRJ87AFAF83/tasks/TSK9A63E775
[2026-08-18 14:24:37] [INFO]    参数: {}
[2026-08-18 14:24:37] [INFO] ⬅️  状态码: 200 | 耗时: 0.055245s
[2026-08-18 14:24:37] [INFO]    响应体: {'code': 0, 'data': {'created_at': 'Tue, 18 Aug 2026 14:24:37 GMT', 'id': 'TSK9A63E775', 'priority': 'high', 'project_id': 'PRJ87AFAF83', 'status': 'done', 'title': '测试任务'}, 'message': 'success'}
[2026-08-18 14:24:37] [INFO] ➡️  请求: DELETE http://127.0.0.1:5000/api/projects/PRJ87AFAF83
[2026-08-18 14:24:37] [INFO]    参数: {}
[2026-08-18 14:24:37] [INFO] ⬅️  状态码: 200 | 耗时: 0.061336s
[2026-08-18 14:24:37] [INFO]    响应体: {'code': 0, 'data': None, 'message': 'success'}
[2026-08-18 14:24:37] [INFO] ✏️  SQL: DELETE FROM tasks | 参数: None
[2026-08-18 14:24:37] [INFO]    影响 0 行
[2026-08-18 14:38:31] [INFO] ➡️  请求: POST http://127.0.0.1:5000/api/auth/login
[2026-08-18 14:38:31] [INFO]    参数: {'json': {'username': 'testuser', 'password': 'Test@123'}}
[2026-08-18 14:38:32] [INFO] ⬅️  状态码: 200 | 耗时: 0.054426s
[2026-08-18 14:38:32] [INFO]    响应体: {'code': 0, 'data': {'token': 'mock-jwt-5bea3b9545fc4873', 'user_id': 10086, 'username': 'testuser'}, 'message': 'success'}
[2026-08-18 14:38:32] [INFO] ➡️  请求: POST http://127.0.0.1:5000/api/auth/login
[2026-08-18 14:38:32] [INFO]    参数: {'json': {'username': 'testuser', 'password': 'wrong_pwd'}}
[2026-08-18 14:38:32] [INFO] ⬅️  状态码: 401 | 耗时: 0.05479s
[2026-08-18 14:38:32] [INFO]    响应体: {'code': 401, 'data': None, 'message': '用户名或密码错误'}
[2026-08-18 14:38:32] [INFO] ➡️  请求: POST http://127.0.0.1:5000/api/auth/login
[2026-08-18 14:38:32] [INFO]    参数: {'json': {'password': 'Test@123'}}
[2026-08-18 14:38:32] [INFO] ⬅️  状态码: 400 | 耗时: 0.003766s
[2026-08-18 14:38:32] [INFO]    响应体: {'code': 400, 'data': None, 'message': '缺少用户名参数'}
[2026-08-18 14:38:32] [INFO] ➡️  请求: POST http://127.0.0.1:5000/api/auth/login
[2026-08-18 14:38:32] [INFO]    参数: {'json': {'username': 'testuser', 'password': 'Test@123'}}
[2026-08-18 14:38:32] [INFO] ⬅️  状态码: 200 | 耗时: 0.044683s
[2026-08-18 14:38:32] [INFO]    响应体: {'code': 0, 'data': {'token': 'mock-jwt-4e67ee3d2f5e411b', 'user_id': 10086, 'username': 'testuser'}, 'message': 'success'}
[2026-08-18 14:38:32] [INFO] ➡️  请求: POST http://127.0.0.1:5000/api/orders
[2026-08-18 14:38:32] [INFO]    参数: {'json': {'product_id': 'SKU_001', 'quantity': 1, 'address': '测试地址'}}
[2026-08-18 14:38:32] [INFO] ⬅️  状态码: 201 | 耗时: 0.062952s
[2026-08-18 14:38:32] [INFO]    响应体: {'code': 0, 'data': {'order_id': 'ORD17870351121003'}, 'message': 'success'}
[2026-08-18 14:38:32] [INFO] ➡️  请求: GET http://127.0.0.1:5000/api/orders/ORD17870351121003
[2026-08-18 14:38:32] [INFO]    参数: {}
[2026-08-18 14:38:32] [INFO] ⬅️  状态码: 200 | 耗时: 0.050124s
[2026-08-18 14:38:32] [INFO]    响应体: {'code': 0, 'data': {'address': '测试地址', 'created_at': 'Tue, 18 Aug 2026 14:38:32 GMT', 'id': 4, 'order_id': 'ORD17870351121003', 'product_id': 'SKU_001', 'quantity': 1, 'status': 'pending', 'user_id': 10086}, 'message': 'success'}
[2026-08-18 14:38:32] [INFO] 🔍 SQL: SELECT status FROM orders WHERE order_id = %s | 参数: ('ORD17870351121003',)
[2026-08-18 14:38:32] [INFO]    返回 1 条记录
[2026-08-18 14:38:32] [INFO] ➡️  请求: PUT http://127.0.0.1:5000/api/orders/ORD17870351121003/cancel
[2026-08-18 14:38:32] [INFO]    参数: {}
[2026-08-18 14:38:32] [INFO] ⬅️  状态码: 200 | 耗时: 0.037723s
[2026-08-18 14:38:32] [INFO]    响应体: {'code': 0, 'data': {'order_id': 'ORD17870351121003', 'status': 'cancelled'}, 'message': 'success'}
[2026-08-18 14:38:32] [INFO] 🔍 SQL: SELECT status FROM orders WHERE order_id = %s | 参数: ('ORD17870351121003',)
[2026-08-18 14:38:32] [INFO]    返回 1 条记录
[2026-08-18 14:38:32] [INFO] ➡️  请求: DELETE http://127.0.0.1:5000/api/orders/ORD17870351121003
[2026-08-18 14:38:32] [INFO]    参数: {}
[2026-08-18 14:38:32] [INFO] ⬅️  状态码: 200 | 耗时: 0.060261s
[2026-08-18 14:38:32] [INFO]    响应体: {'code': 0, 'data': None, 'message': 'success'}
[2026-08-18 14:38:32] [INFO] ➡️  请求: POST http://127.0.0.1:5000/api/orders
[2026-08-18 14:38:32] [INFO]    参数: {'json': {'product_id': 'SKU_DB_TEST', 'quantity': 3, 'address': '数据库校验测试地址'}}
[2026-08-18 14:38:32] [INFO] ⬅️  状态码: 201 | 耗时: 0.048128s
[2026-08-18 14:38:32] [INFO]    响应体: {'code': 0, 'data': {'order_id': 'ORD1787035112599C'}, 'message': 'success'}
[2026-08-18 14:38:32] [INFO] 🔍 SQL: SELECT COUNT(*) AS cnt FROM orders WHERE order_id = %s | 参数: ('ORD1787035112599C',)
[2026-08-18 14:38:32] [INFO]    返回 1 条记录
[2026-08-18 14:38:32] [INFO] 🔍 SQL: SELECT product_id FROM orders WHERE order_id = %s | 参数: ('ORD1787035112599C',)
[2026-08-18 14:38:32] [INFO]    返回 1 条记录
[2026-08-18 14:38:32] [INFO] 🔍 SQL: SELECT quantity FROM orders WHERE order_id = %s | 参数: ('ORD1787035112599C',)
[2026-08-18 14:38:32] [INFO]    返回 1 条记录
[2026-08-18 14:38:32] [INFO] 🔍 SQL: SELECT status FROM orders WHERE order_id = %s | 参数: ('ORD1787035112599C',)
[2026-08-18 14:38:32] [INFO]    返回 1 条记录
[2026-08-18 14:38:32] [INFO] ➡️  请求: PUT http://127.0.0.1:5000/api/orders/ORD1787035112599C/cancel
[2026-08-18 14:38:32] [INFO]    参数: {}
[2026-08-18 14:38:32] [INFO] ⬅️  状态码: 200 | 耗时: 0.065221s
[2026-08-18 14:38:32] [INFO]    响应体: {'code': 0, 'data': {'order_id': 'ORD1787035112599C', 'status': 'cancelled'}, 'message': 'success'}
[2026-08-18 14:38:32] [INFO] ➡️  请求: POST http://127.0.0.1:5000/api/orders
[2026-08-18 14:38:32] [INFO]    参数: {'json': {'product_id': 'SKU_CANCEL_TEST', 'quantity': 1, 'address': '取消测试'}}
[2026-08-18 14:38:32] [INFO] ⬅️  状态码: 201 | 耗时: 0.063024s
[2026-08-18 14:38:32] [INFO]    响应体: {'code': 0, 'data': {'order_id': 'ORD1787035112E253'}, 'message': 'success'}
[2026-08-18 14:38:33] [INFO] ➡️  请求: PUT http://127.0.0.1:5000/api/orders/ORD1787035112E253/cancel
[2026-08-18 14:38:33] [INFO]    参数: {}
[2026-08-18 14:38:33] [INFO] ⬅️  状态码: 200 | 耗时: 0.053848s
[2026-08-18 14:38:33] [INFO]    响应体: {'code': 0, 'data': {'order_id': 'ORD1787035112E253', 'status': 'cancelled'}, 'message': 'success'}
[2026-08-18 14:38:33] [INFO] 🔍 SQL: SELECT status FROM orders WHERE order_id = %s | 参数: ('ORD1787035112E253',)
[2026-08-18 14:38:33] [INFO]    返回 1 条记录
[2026-08-18 14:38:33] [INFO] ➡️  请求: POST http://127.0.0.1:5000/api/orders
[2026-08-18 14:38:33] [INFO]    参数: {'json': {'product_id': 'SKU_QUERY_TEST', 'quantity': 1, 'address': '查询测试'}}
[2026-08-18 14:38:33] [INFO] ⬅️  状态码: 201 | 耗时: 0.027298s
[2026-08-18 14:38:33] [INFO]    响应体: {'code': 0, 'data': {'order_id': 'ORD1787035113A892'}, 'message': 'success'}
[2026-08-18 14:38:33] [INFO] ➡️  请求: GET http://127.0.0.1:5000/api/orders/ORD1787035113A892
[2026-08-18 14:38:33] [INFO]    参数: {}
[2026-08-18 14:38:33] [INFO] ⬅️  状态码: 200 | 耗时: 0.065896s
[2026-08-18 14:38:33] [INFO]    响应体: {'code': 0, 'data': {'address': '查询测试', 'created_at': 'Tue, 18 Aug 2026 14:38:33 GMT', 'id': 7, 'order_id': 'ORD1787035113A892', 'product_id': 'SKU_QUERY_TEST', 'quantity': 1, 'status': 'pending', 'user_id': 10086}, 'message': 'success'}
[2026-08-18 14:38:33] [INFO] ➡️  请求: PUT http://127.0.0.1:5000/api/orders/ORD1787035113A892/cancel
[2026-08-18 14:38:33] [INFO]    参数: {}
[2026-08-18 14:38:33] [INFO] ⬅️  状态码: 200 | 耗时: 0.039746s
[2026-08-18 14:38:33] [INFO]    响应体: {'code': 0, 'data': {'order_id': 'ORD1787035113A892', 'status': 'cancelled'}, 'message': 'success'}
[2026-08-18 14:38:33] [INFO] ➡️  请求: POST http://127.0.0.1:5000/api/orders
[2026-08-18 14:38:33] [INFO]    参数: {'json': {'product_id': 'SKU_API_TEST', 'quantity': 1, 'address': 'API测试'}}
[2026-08-18 14:38:33] [INFO] ⬅️  状态码: 201 | 耗时: 0.046434s
[2026-08-18 14:38:33] [INFO]    响应体: {'code': 0, 'data': {'order_id': 'ORD178703511365B4'}, 'message': 'success'}
[2026-08-18 14:38:33] [INFO] ➡️  请求: PUT http://127.0.0.1:5000/api/orders/ORD178703511365B4/cancel
[2026-08-18 14:38:33] [INFO]    参数: {}
[2026-08-18 14:38:33] [INFO] ⬅️  状态码: 200 | 耗时: 0.039001s
[2026-08-18 14:38:33] [INFO]    响应体: {'code': 0, 'data': {'order_id': 'ORD178703511365B4', 'status': 'cancelled'}, 'message': 'success'}
[2026-08-18 14:38:33] [INFO] ➡️  请求: GET http://127.0.0.1:5000/api/users/10086/profile
[2026-08-18 14:38:33] [INFO]    参数: {}
[2026-08-18 14:38:33] [INFO] ⬅️  状态码: 200 | 耗时: 0.049178s
[2026-08-18 14:38:33] [INFO]    响应体: {'code': 0, 'data': {'avatar': 'fk-d4a3089c8008', 'user_id': 10086, 'username': 'testuser'}, 'message': 'success'}
[2026-08-18 14:38:33] [INFO] ➡️  请求: POST http://127.0.0.1:5000/api/files/upload-token
[2026-08-18 14:38:33] [INFO]    参数: {'json': {'file_name': 'test.png', 'file_type': 'image/png'}}
[2026-08-18 14:38:33] [INFO] ⬅️  状态码: 200 | 耗时: 0.067952s
[2026-08-18 14:38:33] [INFO]    响应体: {'code': 0, 'data': {'file_key': 'fk-55ea4c213e73'}, 'message': 'success'}
[2026-08-18 14:38:33] [INFO] ➡️  请求: PUT http://127.0.0.1:5000/api/users/me/avatar
[2026-08-18 14:38:33] [INFO]    参数: {'json': {'file_key': 'fk-55ea4c213e73'}}
[2026-08-18 14:38:33] [INFO] ⬅️  状态码: 200 | 耗时: 0.049646s
[2026-08-18 14:38:33] [INFO]    响应体: {'code': 0, 'data': {'avatar': 'fk-55ea4c213e73'}, 'message': 'success'}
[2026-08-18 14:38:33] [INFO] ➡️  请求: POST http://127.0.0.1:5000/api/projects
[2026-08-18 14:38:33] [INFO]    参数: {'json': {'name': '自动化测试项目'}}
[2026-08-18 14:38:33] [INFO] ⬅️  状态码: 201 | 耗时: 0.061672s
[2026-08-18 14:38:33] [INFO]    响应体: {'code': 0, 'data': {'id': 'PRJ3DD4D200'}, 'message': 'success'}
[2026-08-18 14:38:33] [INFO] ➡️  请求: POST http://127.0.0.1:5000/api/projects/PRJ3DD4D200/tasks
[2026-08-18 14:38:33] [INFO]    参数: {'json': {'title': '测试任务', 'priority': 'high'}}
[2026-08-18 14:38:33] [INFO] ⬅️  状态码: 201 | 耗时: 0.027568s
[2026-08-18 14:38:33] [INFO]    响应体: {'code': 0, 'data': {'id': 'TSK7A431135'}, 'message': 'success'}
[2026-08-18 14:38:33] [INFO] 🔍 SQL: SELECT COUNT(*) AS cnt FROM tasks WHERE id = %s AND project_id = %s | 参数: ('TSK7A431135', 'PRJ3DD4D200')
[2026-08-18 14:38:33] [INFO]    返回 1 条记录
[2026-08-18 14:38:33] [INFO] 🔍 SQL: SELECT priority FROM tasks WHERE id = %s | 参数: ('TSK7A431135',)
[2026-08-18 14:38:33] [INFO]    返回 1 条记录
[2026-08-18 14:38:33] [INFO] 🔍 SQL: SELECT status FROM tasks WHERE id = %s | 参数: ('TSK7A431135',)
[2026-08-18 14:38:33] [INFO]    返回 1 条记录
[2026-08-18 14:38:33] [INFO] ➡️  请求: PUT http://127.0.0.1:5000/api/projects/PRJ3DD4D200/tasks/TSK7A431135
[2026-08-18 14:38:33] [INFO]    参数: {'json': {'status': 'done'}}
[2026-08-18 14:38:33] [INFO] ⬅️  状态码: 200 | 耗时: 0.054063s
[2026-08-18 14:38:33] [INFO]    响应体: {'code': 0, 'data': {'created_at': 'Tue, 18 Aug 2026 14:38:33 GMT', 'id': 'TSK7A431135', 'priority': 'high', 'project_id': 'PRJ3DD4D200', 'status': 'done', 'title': '测试任务'}, 'message': 'success'}
[2026-08-18 14:38:33] [INFO] 🔍 SQL: SELECT status FROM tasks WHERE id = %s | 参数: ('TSK7A431135',)
[2026-08-18 14:38:33] [INFO]    返回 1 条记录
[2026-08-18 14:38:33] [INFO] ➡️  请求: GET http://127.0.0.1:5000/api/projects/PRJ3DD4D200/tasks/TSK7A431135
[2026-08-18 14:38:33] [INFO]    参数: {}
[2026-08-18 14:38:34] [INFO] ⬅️  状态码: 200 | 耗时: 0.056724s
[2026-08-18 14:38:34] [INFO]    响应体: {'code': 0, 'data': {'created_at': 'Tue, 18 Aug 2026 14:38:33 GMT', 'id': 'TSK7A431135', 'priority': 'high', 'project_id': 'PRJ3DD4D200', 'status': 'done', 'title': '测试任务'}, 'message': 'success'}
[2026-08-18 14:38:34] [INFO] ➡️  请求: DELETE http://127.0.0.1:5000/api/projects/PRJ3DD4D200
[2026-08-18 14:38:34] [INFO]    参数: {}
[2026-08-18 14:38:34] [INFO] ⬅️  状态码: 200 | 耗时: 0.063994s
[2026-08-18 14:38:34] [INFO]    响应体: {'code': 0, 'data': None, 'message': 'success'}
[2026-08-18 14:38:34] [INFO] ✏️  SQL: DELETE FROM tasks | 参数: None
[2026-08-18 14:38:34] [INFO]    影响 0 行
[2026-08-18 14:38:34] [INFO] 🧹 已清理表: tasks
[2026-08-18 14:38:34] [INFO] ✏️  SQL: DELETE FROM projects | 参数: None
[2026-08-18 14:38:34] [INFO]    影响 0 行
[2026-08-18 14:38:34] [INFO] 🧹 已清理表: projects
[2026-08-18 14:38:34] [INFO] ✏️  SQL: DELETE FROM orders | 参数: None
[2026-08-18 14:38:34] [INFO]    影响 7 行
[2026-08-18 14:38:34] [INFO] 🧹 已清理表: orders
[2026-08-18 14:38:34] [INFO] ✏️  SQL: DELETE FROM file_uploads | 参数: None
[2026-08-18 14:38:34] [INFO]    影响 2 行
[2026-08-18 14:38:34] [INFO] 🧹 已清理表: file_uploads
[2026-08-18 14:39:32] [INFO] ➡️  请求: POST http://127.0.0.1:5000/api/auth/login
[2026-08-18 14:39:32] [INFO]    参数: {'json': {'username': 'testuser', 'password': 'Test@123'}}
[2026-08-18 14:39:32] [INFO] ⬅️  状态码: 200 | 耗时: 0.054355s
[2026-08-18 14:39:32] [INFO]    响应体: {'code': 0, 'data': {'token': 'mock-jwt-b17e958a11e24bc4', 'user_id': 10086, 'username': 'testuser'}, 'message': 'success'}
[2026-08-18 14:39:32] [INFO] ➡️  请求: POST http://127.0.0.1:5000/api/auth/login
[2026-08-18 14:39:32] [INFO]    参数: {'json': {'username': 'testuser', 'password': 'wrong_pwd'}}
[2026-08-18 14:39:32] [INFO] ⬅️  状态码: 401 | 耗时: 0.053702s
[2026-08-18 14:39:32] [INFO]    响应体: {'code': 401, 'data': None, 'message': '用户名或密码错误'}
[2026-08-18 14:39:32] [INFO] ➡️  请求: POST http://127.0.0.1:5000/api/auth/login
[2026-08-18 14:39:32] [INFO]    参数: {'json': {'password': 'Test@123'}}
[2026-08-18 14:39:32] [INFO] ⬅️  状态码: 400 | 耗时: 0.015421s
[2026-08-18 14:39:32] [INFO]    响应体: {'code': 400, 'data': None, 'message': '缺少用户名参数'}
[2026-08-18 14:39:32] [INFO] ➡️  请求: POST http://127.0.0.1:5000/api/auth/login
[2026-08-18 14:39:32] [INFO]    参数: {'json': {'username': 'testuser', 'password': 'Test@123'}}
[2026-08-18 14:39:32] [INFO] ⬅️  状态码: 200 | 耗时: 0.060421s
[2026-08-18 14:39:32] [INFO]    响应体: {'code': 0, 'data': {'token': 'mock-jwt-62aae911aab745a2', 'user_id': 10086, 'username': 'testuser'}, 'message': 'success'}
[2026-08-18 14:39:32] [INFO] ➡️  请求: POST http://127.0.0.1:5000/api/orders
[2026-08-18 14:39:32] [INFO]    参数: {'json': {'product_id': 'SKU_001', 'quantity': 1, 'address': '测试地址'}}
[2026-08-18 14:39:32] [INFO] ⬅️  状态码: 201 | 耗时: 0.074791s
[2026-08-18 14:39:32] [INFO]    响应体: {'code': 0, 'data': {'order_id': 'ORD178703517215EB'}, 'message': 'success'}
[2026-08-18 14:39:32] [INFO] ➡️  请求: GET http://127.0.0.1:5000/api/orders/ORD178703517215EB
[2026-08-18 14:39:32] [INFO]    参数: {}
[2026-08-18 14:39:32] [INFO] ⬅️  状态码: 200 | 耗时: 0.059616s
[2026-08-18 14:39:32] [INFO]    响应体: {'code': 0, 'data': {'address': '测试地址', 'created_at': 'Tue, 18 Aug 2026 14:39:32 GMT', 'id': 9, 'order_id': 'ORD178703517215EB', 'product_id': 'SKU_001', 'quantity': 1, 'status': 'pending', 'user_id': 10086}, 'message': 'success'}
[2026-08-18 14:39:32] [INFO] 🔍 SQL: SELECT status FROM orders WHERE order_id = %s | 参数: ('ORD178703517215EB',)
[2026-08-18 14:39:32] [INFO]    返回 1 条记录
[2026-08-18 14:39:33] [INFO] ➡️  请求: PUT http://127.0.0.1:5000/api/orders/ORD178703517215EB/cancel
[2026-08-18 14:39:33] [INFO]    参数: {}
[2026-08-18 14:39:33] [INFO] ⬅️  状态码: 200 | 耗时: 0.06516s
[2026-08-18 14:39:33] [INFO]    响应体: {'code': 0, 'data': {'order_id': 'ORD178703517215EB', 'status': 'cancelled'}, 'message': 'success'}
[2026-08-18 14:39:33] [INFO] 🔍 SQL: SELECT status FROM orders WHERE order_id = %s | 参数: ('ORD178703517215EB',)
[2026-08-18 14:39:33] [INFO]    返回 1 条记录
[2026-08-18 14:39:33] [INFO] ➡️  请求: DELETE http://127.0.0.1:5000/api/orders/ORD178703517215EB
[2026-08-18 14:39:33] [INFO]    参数: {}
[2026-08-18 14:39:33] [INFO] ⬅️  状态码: 200 | 耗时: 0.047994s
[2026-08-18 14:39:33] [INFO]    响应体: {'code': 0, 'data': None, 'message': 'success'}
[2026-08-18 14:39:33] [INFO] ➡️  请求: POST http://127.0.0.1:5000/api/orders
[2026-08-18 14:39:33] [INFO]    参数: {'json': {'product_id': 'SKU_DB_TEST', 'quantity': 3, 'address': '数据库校验测试地址'}}
[2026-08-18 14:39:33] [INFO] ⬅️  状态码: 201 | 耗时: 0.048622s
[2026-08-18 14:39:33] [INFO]    响应体: {'code': 0, 'data': {'order_id': 'ORD17870351738279'}, 'message': 'success'}
[2026-08-18 14:39:33] [INFO] 🔍 SQL: SELECT COUNT(*) AS cnt FROM orders WHERE order_id = %s | 参数: ('ORD17870351738279',)
[2026-08-18 14:39:33] [INFO]    返回 1 条记录
[2026-08-18 14:39:33] [INFO] 🔍 SQL: SELECT product_id FROM orders WHERE order_id = %s | 参数: ('ORD17870351738279',)
[2026-08-18 14:39:33] [INFO]    返回 1 条记录
[2026-08-18 14:39:33] [INFO] 🔍 SQL: SELECT quantity FROM orders WHERE order_id = %s | 参数: ('ORD17870351738279',)
[2026-08-18 14:39:33] [INFO]    返回 1 条记录
[2026-08-18 14:39:33] [INFO] 🔍 SQL: SELECT status FROM orders WHERE order_id = %s | 参数: ('ORD17870351738279',)
[2026-08-18 14:39:33] [INFO]    返回 1 条记录
[2026-08-18 14:39:33] [INFO] ➡️  请求: PUT http://127.0.0.1:5000/api/orders/ORD17870351738279/cancel
[2026-08-18 14:39:33] [INFO]    参数: {}
[2026-08-18 14:39:33] [INFO] ⬅️  状态码: 200 | 耗时: 0.064401s
[2026-08-18 14:39:33] [INFO]    响应体: {'code': 0, 'data': {'order_id': 'ORD17870351738279', 'status': 'cancelled'}, 'message': 'success'}
[2026-08-18 14:39:33] [INFO] ➡️  请求: POST http://127.0.0.1:5000/api/orders
[2026-08-18 14:39:33] [INFO]    参数: {'json': {'product_id': 'SKU_CANCEL_TEST', 'quantity': 1, 'address': '取消测试'}}
[2026-08-18 14:39:33] [INFO] ⬅️  状态码: 201 | 耗时: 0.062792s
[2026-08-18 14:39:33] [INFO]    响应体: {'code': 0, 'data': {'order_id': 'ORD178703517333FD'}, 'message': 'success'}
[2026-08-18 14:39:33] [INFO] ➡️  请求: PUT http://127.0.0.1:5000/api/orders/ORD178703517333FD/cancel
[2026-08-18 14:39:33] [INFO]    参数: {}
[2026-08-18 14:39:33] [INFO] ⬅️  状态码: 200 | 耗时: 0.054836s
[2026-08-18 14:39:33] [INFO]    响应体: {'code': 0, 'data': {'order_id': 'ORD178703517333FD', 'status': 'cancelled'}, 'message': 'success'}
[2026-08-18 14:39:33] [INFO] 🔍 SQL: SELECT status FROM orders WHERE order_id = %s | 参数: ('ORD178703517333FD',)
[2026-08-18 14:39:33] [INFO]    返回 1 条记录
[2026-08-18 14:39:33] [INFO] ➡️  请求: POST http://127.0.0.1:5000/api/orders
[2026-08-18 14:39:33] [INFO]    参数: {'json': {'product_id': 'SKU_QUERY_TEST', 'quantity': 1, 'address': '查询测试'}}
[2026-08-18 14:39:33] [INFO] ⬅️  状态码: 201 | 耗时: 0.055642s
[2026-08-18 14:39:33] [INFO]    响应体: {'code': 0, 'data': {'order_id': 'ORD17870351736141'}, 'message': 'success'}
[2026-08-18 14:39:33] [INFO] ➡️  请求: GET http://127.0.0.1:5000/api/orders/ORD17870351736141
[2026-08-18 14:39:33] [INFO]    参数: {}
[2026-08-18 14:39:33] [INFO] ⬅️  状态码: 200 | 耗时: 0.052076s
[2026-08-18 14:39:33] [INFO]    响应体: {'code': 0, 'data': {'address': '查询测试', 'created_at': 'Tue, 18 Aug 2026 14:39:33 GMT', 'id': 12, 'order_id': 'ORD17870351736141', 'product_id': 'SKU_QUERY_TEST', 'quantity': 1, 'status': 'pending', 'user_id': 10086}, 'message': 'success'}
[2026-08-18 14:39:33] [INFO] ➡️  请求: PUT http://127.0.0.1:5000/api/orders/ORD17870351736141/cancel
[2026-08-18 14:39:33] [INFO]    参数: {}
[2026-08-18 14:39:33] [INFO] ⬅️  状态码: 200 | 耗时: 0.027829s
[2026-08-18 14:39:33] [INFO]    响应体: {'code': 0, 'data': {'order_id': 'ORD17870351736141', 'status': 'cancelled'}, 'message': 'success'}
[2026-08-18 14:39:33] [INFO] ➡️  请求: POST http://127.0.0.1:5000/api/orders
[2026-08-18 14:39:33] [INFO]    参数: {'json': {'product_id': 'SKU_API_TEST', 'quantity': 1, 'address': 'API测试'}}
[2026-08-18 14:39:33] [INFO] ⬅️  状态码: 201 | 耗时: 0.061607s
[2026-08-18 14:39:33] [INFO]    响应体: {'code': 0, 'data': {'order_id': 'ORD1787035173F8B1'}, 'message': 'success'}
[2026-08-18 14:39:33] [INFO] ➡️  请求: PUT http://127.0.0.1:5000/api/orders/ORD1787035173F8B1/cancel
[2026-08-18 14:39:33] [INFO]    参数: {}
[2026-08-18 14:39:34] [INFO] ⬅️  状态码: 200 | 耗时: 0.025924s
[2026-08-18 14:39:34] [INFO]    响应体: {'code': 0, 'data': {'order_id': 'ORD1787035173F8B1', 'status': 'cancelled'}, 'message': 'success'}
[2026-08-18 14:39:34] [INFO] ➡️  请求: GET http://127.0.0.1:5000/api/users/10086/profile
[2026-08-18 14:39:34] [INFO]    参数: {}
[2026-08-18 14:39:34] [INFO] ⬅️  状态码: 200 | 耗时: 0.046189s
[2026-08-18 14:39:34] [INFO]    响应体: {'code': 0, 'data': {'avatar': 'fk-55ea4c213e73', 'user_id': 10086, 'username': 'testuser'}, 'message': 'success'}
[2026-08-18 14:39:34] [INFO] ➡️  请求: POST http://127.0.0.1:5000/api/files/upload-token
[2026-08-18 14:39:34] [INFO]    参数: {'json': {'file_name': 'test.png', 'file_type': 'image/png'}}
[2026-08-18 14:39:34] [INFO] ⬅️  状态码: 200 | 耗时: 0.068641s
[2026-08-18 14:39:34] [INFO]    响应体: {'code': 0, 'data': {'file_key': 'fk-ee7214eef056'}, 'message': 'success'}
[2026-08-18 14:39:34] [INFO] ➡️  请求: PUT http://127.0.0.1:5000/api/users/me/avatar
[2026-08-18 14:39:34] [INFO]    参数: {'json': {'file_key': 'fk-ee7214eef056'}}
[2026-08-18 14:39:34] [INFO] ⬅️  状态码: 200 | 耗时: 0.068411s
[2026-08-18 14:39:34] [INFO]    响应体: {'code': 0, 'data': {'avatar': 'fk-ee7214eef056'}, 'message': 'success'}
[2026-08-18 14:39:34] [INFO] ➡️  请求: POST http://127.0.0.1:5000/api/projects
[2026-08-18 14:39:34] [INFO]    参数: {'json': {'name': '自动化测试项目'}}
[2026-08-18 14:39:34] [INFO] ⬅️  状态码: 201 | 耗时: 0.040679s
[2026-08-18 14:39:34] [INFO]    响应体: {'code': 0, 'data': {'id': 'PRJ775D38A9'}, 'message': 'success'}
[2026-08-18 14:39:34] [INFO] ➡️  请求: POST http://127.0.0.1:5000/api/projects/PRJ775D38A9/tasks
[2026-08-18 14:39:34] [INFO]    参数: {'json': {'title': '测试任务', 'priority': 'high'}}
[2026-08-18 14:39:34] [INFO] ⬅️  状态码: 201 | 耗时: 0.049883s
[2026-08-18 14:39:34] [INFO]    响应体: {'code': 0, 'data': {'id': 'TSKB3C58EFB'}, 'message': 'success'}
[2026-08-18 14:39:34] [INFO] 🔍 SQL: SELECT COUNT(*) AS cnt FROM tasks WHERE id = %s AND project_id = %s | 参数: ('TSKB3C58EFB', 'PRJ775D38A9')
[2026-08-18 14:39:34] [INFO]    返回 1 条记录
[2026-08-18 14:39:34] [INFO] 🔍 SQL: SELECT priority FROM tasks WHERE id = %s | 参数: ('TSKB3C58EFB',)
[2026-08-18 14:39:34] [INFO]    返回 1 条记录
[2026-08-18 14:39:34] [INFO] 🔍 SQL: SELECT status FROM tasks WHERE id = %s | 参数: ('TSKB3C58EFB',)
[2026-08-18 14:39:34] [INFO]    返回 1 条记录
[2026-08-18 14:39:34] [INFO] ➡️  请求: PUT http://127.0.0.1:5000/api/projects/PRJ775D38A9/tasks/TSKB3C58EFB
[2026-08-18 14:39:34] [INFO]    参数: {'json': {'status': 'done'}}
[2026-08-18 14:39:34] [INFO] ⬅️  状态码: 200 | 耗时: 0.044708s
[2026-08-18 14:39:34] [INFO]    响应体: {'code': 0, 'data': {'created_at': 'Tue, 18 Aug 2026 14:39:34 GMT', 'id': 'TSKB3C58EFB', 'priority': 'high', 'project_id': 'PRJ775D38A9', 'status': 'done', 'title': '测试任务'}, 'message': 'success'}
[2026-08-18 14:39:34] [INFO] 🔍 SQL: SELECT status FROM tasks WHERE id = %s | 参数: ('TSKB3C58EFB',)
[2026-08-18 14:39:34] [INFO]    返回 1 条记录
[2026-08-18 14:39:34] [INFO] ➡️  请求: GET http://127.0.0.1:5000/api/projects/PRJ775D38A9/tasks/TSKB3C58EFB
[2026-08-18 14:39:34] [INFO]    参数: {}
[2026-08-18 14:39:34] [INFO] ⬅️  状态码: 200 | 耗时: 0.043312s
[2026-08-18 14:39:34] [INFO]    响应体: {'code': 0, 'data': {'created_at': 'Tue, 18 Aug 2026 14:39:34 GMT', 'id': 'TSKB3C58EFB', 'priority': 'high', 'project_id': 'PRJ775D38A9', 'status': 'done', 'title': '测试任务'}, 'message': 'success'}
[2026-08-18 14:39:34] [INFO] ➡️  请求: DELETE http://127.0.0.1:5000/api/projects/PRJ775D38A9
[2026-08-18 14:39:34] [INFO]    参数: {}
[2026-08-18 14:39:34] [INFO] ⬅️  状态码: 200 | 耗时: 0.062929s
[2026-08-18 14:39:34] [INFO]    响应体: {'code': 0, 'data': None, 'message': 'success'}
[2026-08-18 14:39:34] [INFO] ✏️  SQL: DELETE FROM tasks | 参数: None
[2026-08-18 14:39:34] [INFO]    影响 0 行
[2026-08-18 14:39:34] [INFO] 🧹 已清理表: tasks
[2026-08-18 14:39:34] [INFO] ✏️  SQL: DELETE FROM projects | 参数: None
[2026-08-18 14:39:34] [INFO]    影响 0 行
[2026-08-18 14:39:34] [INFO] 🧹 已清理表: projects
[2026-08-18 14:39:34] [INFO] ✏️  SQL: DELETE FROM orders | 参数: None
[2026-08-18 14:39:34] [INFO]    影响 4 行
[2026-08-18 14:39:34] [INFO] 🧹 已清理表: orders
[2026-08-18 14:39:34] [INFO] ✏️  SQL: DELETE FROM file_uploads | 参数: None
[2026-08-18 14:39:34] [INFO]    影响 1 行
[2026-08-18 14:39:34] [INFO] 🧹 已清理表: file_uploads
